
  test/fixtures/attribute_new_lines.html
     2 |   <a href="#"
             alt="April Fool's"
           >Click me</a>
                  ^ Hardcoded 'alt' attribute
     2 |   <a href="#"
             alt="April Fool's"
           >Click me</a>
            ^ Hardcoded <a> tag
