
  afile.html
     5 |   <p>Something</p>
              ^ Hardcoded <p> tag
