[
  {
    "file": "somefile.html",
    "error": {
      "id": "(error)",
      "code": "W001",
      "reason": "Hardcoded <p> tag",
      "evidence": "/(Something)/",
      "scope": "  <p>Something</p>",
      "line": 5,
      "character": 5
    }
  },
  {
    "file": "somefile.html",
    "error": {
      "id": "(error)",
      "code": "W002",
      "reason": "Hardcoded 'alt' attribute",
      "evidence": "/(Oops)/",
      "scope": "  <a href=\"#\" alt=\"Oops\">{{ not.hardcoded }}</a>",
      "line": 7,
      "character": 19
    }
  }
]
